src/components/AnimationCanvas.tsx(341,5): error TS6133: 'height' is declared but its value is never read.
src/components/AnimationCanvas.tsx(410,5): error TS6133: 'graphData' is declared but its value is never read.
src/components/AnimationCanvas.tsx(507,5): error TS6133: 'height' is declared but its value is never read.
src/components/AnimationCanvas.tsx(508,5): error TS6133: 'graphData' is declared but its value is never read.
src/utils/physicsEngine.ts(223,15): error TS6133: '_z' is declared but its value is never read.
src/utils/physicsEngine.ts(227,15): error TS6133: '_vz' is declared but its value is never read.
src/utils/physicsEngine.ts(460,15): error TS6133: '_x2' is declared but its value is never read.
